T58_L100.phylip.phylip
T58_L101.phylip.phylip
T58_L102.phylip.phylip
T58_L104.phylip.phylip
T58_L105.phylip.phylip
T58_L106.phylip.phylip
T58_L107.phylip.phylip
T58_L109.phylip.phylip
T58_L10.phylip.phylip
T58_L110.phylip.phylip
T58_L111.phylip.phylip
T58_L112.phylip.phylip
T58_L113.phylip.phylip
T58_L114.phylip.phylip
T58_L117.phylip.phylip
T58_L118.phylip.phylip
T58_L119.phylip.phylip
T58_L120.phylip.phylip
T58_L121.phylip.phylip
T58_L122.phylip.phylip
T58_L123.phylip.phylip
T58_L124.phylip.phylip
T58_L125.phylip.phylip
T58_L126.phylip.phylip
T58_L127.phylip.phylip
T58_L128.phylip.phylip
T58_L129.phylip.phylip
T58_L12.phylip.phylip
T58_L131.phylip.phylip
T58_L132.phylip.phylip
T58_L133.phylip.phylip
T58_L134.phylip.phylip
T58_L135.phylip.phylip
T58_L136.phylip.phylip
T58_L137.phylip.phylip
T58_L138.phylip.phylip
T58_L13.phylip.phylip
T58_L140.phylip.phylip
T58_L142.phylip.phylip
T58_L143.phylip.phylip
T58_L144.phylip.phylip
T58_L145.phylip.phylip
T58_L146.phylip.phylip
T58_L147.phylip.phylip
T58_L148.phylip.phylip
T58_L14.phylip.phylip
T58_L150.phylip.phylip
T58_L151.phylip.phylip
T58_L152.phylip.phylip
T58_L154.phylip.phylip
T58_L155.phylip.phylip
T58_L156.phylip.phylip
T58_L157.phylip.phylip
T58_L158.phylip.phylip
T58_L159.phylip.phylip
T58_L15.phylip.phylip
T58_L160.phylip.phylip
T58_L161.phylip.phylip
T58_L162.phylip.phylip
T58_L163.phylip.phylip
T58_L164.phylip.phylip
T58_L165.phylip.phylip
T58_L168.phylip.phylip
T58_L169.phylip.phylip
T58_L16.phylip.phylip
T58_L170.phylip.phylip
T58_L171.phylip.phylip
T58_L173.phylip.phylip
T58_L174.phylip.phylip
T58_L175.phylip.phylip
T58_L176.phylip.phylip
T58_L177.phylip.phylip
T58_L178.phylip.phylip
T58_L179.phylip.phylip
T58_L17.phylip.phylip
T58_L180.phylip.phylip
T58_L181.phylip.phylip
T58_L182.phylip.phylip
T58_L184.phylip.phylip
T58_L185.phylip.phylip
T58_L186.phylip.phylip
T58_L188.phylip.phylip
T58_L189.phylip.phylip
T58_L18.phylip.phylip
T58_L190.phylip.phylip
T58_L192.phylip.phylip
T58_L193.phylip.phylip
T58_L194.phylip.phylip
T58_L195.phylip.phylip
T58_L196.phylip.phylip
T58_L197.phylip.phylip
T58_L199.phylip.phylip
T58_L1.phylip.phylip
T58_L200.phylip.phylip
T58_L201.phylip.phylip
T58_L202.phylip.phylip
T58_L203.phylip.phylip
T58_L204.phylip.phylip
T58_L206.phylip.phylip
T58_L207.phylip.phylip
T58_L208.phylip.phylip
T58_L209.phylip.phylip
T58_L20.phylip.phylip
T58_L210.phylip.phylip
T58_L211.phylip.phylip
T58_L212.phylip.phylip
T58_L214.phylip.phylip
T58_L215.phylip.phylip
T58_L216.phylip.phylip
T58_L217.phylip.phylip
T58_L218.phylip.phylip
T58_L219.phylip.phylip
T58_L21.phylip.phylip
T58_L220.phylip.phylip
T58_L223.phylip.phylip
T58_L225.phylip.phylip
T58_L226.phylip.phylip
T58_L227.phylip.phylip
T58_L228.phylip.phylip
T58_L229.phylip.phylip
T58_L22.phylip.phylip
T58_L230.phylip.phylip
T58_L231.phylip.phylip
T58_L233.phylip.phylip
T58_L234.phylip.phylip
T58_L235.phylip.phylip
T58_L236.phylip.phylip
T58_L237.phylip.phylip
T58_L238.phylip.phylip
T58_L239.phylip.phylip
T58_L23.phylip.phylip
T58_L240.phylip.phylip
T58_L242.phylip.phylip
T58_L243.phylip.phylip
T58_L244.phylip.phylip
T58_L246.phylip.phylip
T58_L247.phylip.phylip
T58_L248.phylip.phylip
T58_L249.phylip.phylip
T58_L24.phylip.phylip
T58_L250.phylip.phylip
T58_L251.phylip.phylip
T58_L253.phylip.phylip
T58_L254.phylip.phylip
T58_L255.phylip.phylip
T58_L256.phylip.phylip
T58_L257.phylip.phylip
T58_L258.phylip.phylip
T58_L259.phylip.phylip
T58_L25.phylip.phylip
T58_L260.phylip.phylip
T58_L262.phylip.phylip
T58_L263.phylip.phylip
T58_L264.phylip.phylip
T58_L265.phylip.phylip
T58_L266.phylip.phylip
T58_L267.phylip.phylip
T58_L268.phylip.phylip
T58_L269.phylip.phylip
T58_L26.phylip.phylip
T58_L270.phylip.phylip
T58_L271.phylip.phylip
T58_L274.phylip.phylip
T58_L275.phylip.phylip
T58_L276.phylip.phylip
T58_L277.phylip.phylip
T58_L279.phylip.phylip
T58_L282.phylip.phylip
T58_L283.phylip.phylip
T58_L284.phylip.phylip
T58_L285.phylip.phylip
T58_L286.phylip.phylip
T58_L287.phylip.phylip
T58_L288.phylip.phylip
T58_L289.phylip.phylip
T58_L28.phylip.phylip
T58_L291.phylip.phylip
T58_L292.phylip.phylip
T58_L294.phylip.phylip
T58_L295.phylip.phylip
T58_L296.phylip.phylip
T58_L297.phylip.phylip
T58_L298.phylip.phylip
T58_L299.phylip.phylip
T58_L29.phylip.phylip
T58_L301.phylip.phylip
T58_L302.phylip.phylip
T58_L303.phylip.phylip
T58_L304.phylip.phylip
T58_L305.phylip.phylip
T58_L306.phylip.phylip
T58_L307.phylip.phylip
T58_L308.phylip.phylip
T58_L309.phylip.phylip
T58_L30.phylip.phylip
T58_L310.phylip.phylip
T58_L312.phylip.phylip
T58_L313.phylip.phylip
T58_L315.phylip.phylip
T58_L316.phylip.phylip
T58_L317.phylip.phylip
T58_L319.phylip.phylip
T58_L31.phylip.phylip
T58_L320.phylip.phylip
T58_L321.phylip.phylip
T58_L322.phylip.phylip
T58_L323.phylip.phylip
T58_L324.phylip.phylip
T58_L325.phylip.phylip
T58_L326.phylip.phylip
T58_L327.phylip.phylip
T58_L328.phylip.phylip
T58_L329.phylip.phylip
T58_L32.phylip.phylip
T58_L331.phylip.phylip
T58_L332.phylip.phylip
T58_L333.phylip.phylip
T58_L335.phylip.phylip
T58_L336.phylip.phylip
T58_L337.phylip.phylip
T58_L338.phylip.phylip
T58_L340.phylip.phylip
T58_L342.phylip.phylip
T58_L343.phylip.phylip
T58_L344.phylip.phylip
T58_L345.phylip.phylip
T58_L346.phylip.phylip
T58_L347.phylip.phylip
T58_L348.phylip.phylip
T58_L349.phylip.phylip
T58_L34.phylip.phylip
T58_L350.phylip.phylip
T58_L352.phylip.phylip
T58_L353.phylip.phylip
T58_L354.phylip.phylip
T58_L356.phylip.phylip
T58_L357.phylip.phylip
T58_L358.phylip.phylip
T58_L359.phylip.phylip
T58_L35.phylip.phylip
T58_L360.phylip.phylip
T58_L361.phylip.phylip
T58_L362.phylip.phylip
T58_L364.phylip.phylip
T58_L365.phylip.phylip
T58_L366.phylip.phylip
T58_L369.phylip.phylip
T58_L36.phylip.phylip
T58_L370.phylip.phylip
T58_L371.phylip.phylip
T58_L373.phylip.phylip
T58_L374.phylip.phylip
T58_L377.phylip.phylip
T58_L378.phylip.phylip
T58_L379.phylip.phylip
T58_L37.phylip.phylip
T58_L380.phylip.phylip
T58_L381.phylip.phylip
T58_L382.phylip.phylip
T58_L383.phylip.phylip
T58_L384.phylip.phylip
T58_L385.phylip.phylip
T58_L386.phylip.phylip
T58_L387.phylip.phylip
T58_L388.phylip.phylip
T58_L389.phylip.phylip
T58_L38.phylip.phylip
T58_L390.phylip.phylip
T58_L391.phylip.phylip
T58_L392.phylip.phylip
T58_L393.phylip.phylip
T58_L394.phylip.phylip
T58_L395.phylip.phylip
T58_L396.phylip.phylip
T58_L397.phylip.phylip
T58_L398.phylip.phylip
T58_L399.phylip.phylip
T58_L39.phylip.phylip
T58_L3.phylip.phylip
T58_L400.phylip.phylip
T58_L401.phylip.phylip
T58_L402.phylip.phylip
T58_L403.phylip.phylip
T58_L404.phylip.phylip
T58_L405.phylip.phylip
T58_L406.phylip.phylip
T58_L408.phylip.phylip
T58_L409.phylip.phylip
T58_L40.phylip.phylip
T58_L410.phylip.phylip
T58_L411.phylip.phylip
T58_L412.phylip.phylip
T58_L413.phylip.phylip
T58_L414.phylip.phylip
T58_L415.phylip.phylip
T58_L416.phylip.phylip
T58_L417.phylip.phylip
T58_L418.phylip.phylip
T58_L419.phylip.phylip
T58_L41.phylip.phylip
T58_L421.phylip.phylip
T58_L422.phylip.phylip
T58_L423.phylip.phylip
T58_L424.phylip.phylip
T58_L425.phylip.phylip
T58_L426.phylip.phylip
T58_L427.phylip.phylip
T58_L428.phylip.phylip
T58_L429.phylip.phylip
T58_L42.phylip.phylip
T58_L431.phylip.phylip
T58_L433.phylip.phylip
T58_L434.phylip.phylip
T58_L435.phylip.phylip
T58_L436.phylip.phylip
T58_L437.phylip.phylip
T58_L438.phylip.phylip
T58_L440.phylip.phylip
T58_L441.phylip.phylip
T58_L442.phylip.phylip
T58_L443.phylip.phylip
T58_L444.phylip.phylip
T58_L446.phylip.phylip
T58_L447.phylip.phylip
T58_L449.phylip.phylip
T58_L451.phylip.phylip
T58_L452.phylip.phylip
T58_L453.phylip.phylip
T58_L454.phylip.phylip
T58_L456.phylip.phylip
T58_L457.phylip.phylip
T58_L458.phylip.phylip
T58_L459.phylip.phylip
T58_L460.phylip.phylip
T58_L461.phylip.phylip
T58_L462.phylip.phylip
T58_L463.phylip.phylip
T58_L464.phylip.phylip
T58_L465.phylip.phylip
T58_L466.phylip.phylip
T58_L467.phylip.phylip
T58_L468.phylip.phylip
T58_L46.phylip.phylip
T58_L470.phylip.phylip
T58_L471.phylip.phylip
T58_L474.phylip.phylip
T58_L475.phylip.phylip
T58_L476.phylip.phylip
T58_L47.phylip.phylip
T58_L49.phylip.phylip
T58_L4.phylip.phylip
T58_L50.phylip.phylip
T58_L51.phylip.phylip
T58_L52.phylip.phylip
T58_L56.phylip.phylip
T58_L57.phylip.phylip
T58_L58.phylip.phylip
T58_L59.phylip.phylip
T58_L5.phylip.phylip
T58_L60.phylip.phylip
T58_L62.phylip.phylip
T58_L64.phylip.phylip
T58_L65.phylip.phylip
T58_L66.phylip.phylip
T58_L67.phylip.phylip
T58_L68.phylip.phylip
T58_L6.phylip.phylip
T58_L70.phylip.phylip
T58_L72.phylip.phylip
T58_L74.phylip.phylip
T58_L75.phylip.phylip
T58_L76.phylip.phylip
T58_L78.phylip.phylip
T58_L7.phylip.phylip
T58_L80.phylip.phylip
T58_L81.phylip.phylip
T58_L82.phylip.phylip
T58_L83.phylip.phylip
T58_L84.phylip.phylip
T58_L87.phylip.phylip
T58_L88.phylip.phylip
T58_L8.phylip.phylip
T58_L90.phylip.phylip
T58_L91.phylip.phylip
T58_L94.phylip.phylip
T58_L95.phylip.phylip
T58_L97.phylip.phylip
T58_L98.phylip.phylip
T58_L99.phylip.phylip
T58_L9.phylip.phylip
